__package.rb:6: Exported names may not be prefixes of each other https://srb.help/3714
     6 |  export MyPackage::A::B
                 ^^^^^^^^^^^^^^^
    __package.rb:8: Prefix exported here
     8 |  export MyPackage::A
                 ^^^^^^^^^^^^

__package.rb:7: Exported names may not be prefixes of each other https://srb.help/3714
     7 |  export MyPackage::A::C
                 ^^^^^^^^^^^^^^^
    __package.rb:8: Prefix exported here
     8 |  export MyPackage::A
                 ^^^^^^^^^^^^
Errors: 2
